LIGGGHTS (Version LIGGGHTS-PFM 24.01, compiled 2025-09-01-20:54:06 by kris, git commit d075b97762ce4302707903718dda170920e630bd, based on LAMMPS 23 Nov 2013)
Created orthogonal box = (0 0 0) to (0.03 0.12 0.05)
  1 by 1 by 1 MPI processor grid
SURFACE/DEFAULT loaded
HERTZ loaded
TANGENTIAL/HISTORY loaded
Fix particledistribution/discrete (id pdd): distribution based on mass%:
    pts1: d=3.250000e-03 (max. bounding sphere) mass%=5.440792%
    pts2: d=3.750000e-03 (max. bounding sphere) mass%=9.955866%
    pts3: d=4.250000e-03 (max. bounding sphere) mass%=13.695588%
    pts4: d=4.750000e-03 (max. bounding sphere) mass%=15.386793%
    pts5: d=5.250000e-03 (max. bounding sphere) mass%=14.919514%
    pts6: d=5.750000e-03 (max. bounding sphere) mass%=12.968947%
    pts7: d=6.250000e-03 (max. bounding sphere) mass%=10.382025%
    pts8: d=6.750000e-03 (max. bounding sphere) mass%=7.804724%
    pts9: d=7.250000e-03 (max. bounding sphere) mass%=5.589838%
    pts10: d=7.750000e-03 (max. bounding sphere) mass%=3.855913%
Fix particledistribution/discrete (id pdd): distribution based on number%:
    pts1: d=3.250000e-03 (max. bounding sphere) number%=17.015945%
    pts2: d=3.750000e-03 (max. bounding sphere) number%=20.268857%
    pts3: d=4.250000e-03 (max. bounding sphere) number%=19.153931%
    pts4: d=4.750000e-03 (max. bounding sphere) number%=15.413856%
    pts5: d=5.250000e-03 (max. bounding sphere) number%=11.069316%
    pts6: d=5.750000e-03 (max. bounding sphere) number%=7.323947%
    pts7: d=6.250000e-03 (max. bounding sphere) number%=4.565476%
    pts8: d=6.750000e-03 (max. bounding sphere) number%=2.724522%
    pts9: d=7.250000e-03 (max. bounding sphere) number%=1.574814%
    pts10: d=7.750000e-03 (max. bounding sphere) number%=0.889337%

Reading STL file 'meshes/domain.stl' 

Reading STL file 'meshes/plate.stl' 
SURFACE/DEFAULT loaded
HERTZ loaded
TANGENTIAL/HISTORY loaded
Setting up run ...
Import and parallelization of mesh box containing 12 triangle(s) successful
Import and parallelization of mesh plate containing 12 triangle(s) successful
INFO: Resetting random generator for region factory
INFO: Particle insertion ins: 10.000000 particles every 1000 steps - particle rate 200000.000000  (mass rate 0.096013)
      1000 particles (mass 0.000480) within 100000 steps
Memory usage per processor = 8.99694 Mbytes
Step Temp E_pair E_mol TotEng Press Volume 
       0            0            0            0            0            0 0.00018010804 
insertion: proc 0 at 0 %
insertion: proc 0 at 10 %
insertion: proc 0 at 20 %
insertion: proc 0 at 30 %
insertion: proc 0 at 40 %
insertion: proc 0 at 50 %
insertion: proc 0 at 60 %
insertion: proc 0 at 70 %
insertion: proc 0 at 80 %
insertion: proc 0 at 90 %
INFO: Particle insertion ins: inserted 10 particle templates (mass 0.000005) at step 1
 - a total of 10 particle templates (mass 0.000005) inserted so far.
       1            0            0            0            0            0 0.00018010804 
Loop time of 0.00138976 on 1 procs for 1 steps with 10 atoms
Max time of 0.00138976 on 1 procs for 1 steps with 10 atoms

Pair  time (%) = 1.152e-06 (0.082892)
Max Pair time (ib) = 1.152e-06 (0)
Neigh time (%) = 0.000210304 (15.1324)
Max Neigh time (ib) = 0.000210304 (0)
Comm  time (%) = 1.393e-06 (0.100233)
Max Comm time (ib) = 1.393e-06 (0)
Outpt time (%) = 4.5159e-05 (3.24941)
Max Outpt time (ib) = 4.5159e-05 (0)
Other time (%) = 0.00113175 (81.4351)
Max Other time (ib) = 0.00113175 (0)

Nlocal:    10 ave 10 max 10 min
Histogram: 1 0 0 0 0 0 0 0 0 0
Nghost:    0 ave 0 max 0 min
Histogram: 1 0 0 0 0 0 0 0 0 0
Neighs:    4 ave 4 max 4 min
Histogram: 1 0 0 0 0 0 0 0 0 0

Total # of neighbors = 4
Ave neighs/atom = 0.4
Neighbor list builds = 1
Dangerous builds = 0
Setting up run ...
Memory usage per processor = 12.5104 Mbytes
Step Temp E_pair E_mol TotEng Press Volume 
       1   0.80670992            0            0 1.5036089e-15 5.5655814e-12 0.00018010804 
insertion: proc 0 at 0 %
insertion: proc 0 at 10 %
insertion: proc 0 at 20 %
insertion: proc 0 at 30 %
insertion: proc 0 at 40 %
insertion: proc 0 at 50 %
insertion: proc 0 at 60 %
insertion: proc 0 at 70 %
insertion: proc 0 at 80 %
insertion: proc 0 at 90 %
INFO: Particle insertion ins: inserted 10 particle templates (mass 0.000004) at step 1001
 - a total of 20 particle templates (mass 0.000009) inserted so far.
insertion: proc 0 at 0 %
insertion: proc 0 at 10 %
insertion: proc 0 at 20 %
insertion: proc 0 at 30 %
insertion: proc 0 at 40 %
insertion: proc 0 at 50 %
insertion: proc 0 at 60 %
insertion: proc 0 at 70 %
insertion: proc 0 at 80 %
insertion: proc 0 at 90 %
INFO: Particle insertion ins: inserted 10 particle templates (mass 0.000005) at step 2001
 - a total of 30 particle templates (mass 0.000014) inserted so far.
insertion: proc 0 at 0 %
insertion: proc 0 at 10 %
insertion: proc 0 at 20 %
insertion: proc 0 at 30 %
insertion: proc 0 at 40 %
insertion: proc 0 at 50 %
insertion: proc 0 at 60 %
insertion: proc 0 at 70 %
insertion: proc 0 at 80 %
insertion: proc 0 at 90 %
INFO: Particle insertion ins: inserted 10 particle templates (mass 0.000004) at step 3001
 - a total of 40 particle templates (mass 0.000018) inserted so far.
insertion: proc 0 at 0 %
insertion: proc 0 at 10 %
insertion: proc 0 at 20 %
insertion: proc 0 at 30 %
insertion: proc 0 at 40 %
insertion: proc 0 at 50 %
insertion: proc 0 at 60 %
insertion: proc 0 at 70 %
insertion: proc 0 at 80 %
insertion: proc 0 at 90 %
INFO: Particle insertion ins: inserted 10 particle templates (mass 0.000004) at step 4001
 - a total of 50 particle templates (mass 0.000022) inserted so far.
insertion: proc 0 at 0 %
insertion: proc 0 at 10 %
insertion: proc 0 at 20 %
insertion: proc 0 at 30 %
insertion: proc 0 at 40 %
insertion: proc 0 at 50 %
insertion: proc 0 at 60 %
insertion: proc 0 at 70 %
insertion: proc 0 at 80 %
insertion: proc 0 at 90 %
INFO: Particle insertion ins: inserted 10 particle templates (mass 0.000005) at step 5001
 - a total of 60 particle templates (mass 0.000027) inserted so far.
insertion: proc 0 at 0 %
insertion: proc 0 at 10 %
insertion: proc 0 at 20 %
insertion: proc 0 at 30 %
insertion: proc 0 at 40 %
insertion: proc 0 at 50 %
insertion: proc 0 at 60 %
insertion: proc 0 at 70 %
insertion: proc 0 at 80 %
insertion: proc 0 at 90 %
INFO: Particle insertion ins: inserted 10 particle templates (mass 0.000006) at step 6001
 - a total of 70 particle templates (mass 0.000033) inserted so far.
insertion: proc 0 at 0 %
insertion: proc 0 at 10 %
insertion: proc 0 at 20 %
insertion: proc 0 at 30 %
insertion: proc 0 at 40 %
insertion: proc 0 at 50 %
insertion: proc 0 at 60 %
insertion: proc 0 at 70 %
insertion: proc 0 at 80 %
insertion: proc 0 at 90 %
INFO: Particle insertion ins: inserted 10 particle templates (mass 0.000005) at step 7001
 - a total of 80 particle templates (mass 0.000038) inserted so far.
insertion: proc 0 at 0 %
insertion: proc 0 at 10 %
insertion: proc 0 at 20 %
insertion: proc 0 at 30 %
insertion: proc 0 at 40 %
insertion: proc 0 at 50 %
insertion: proc 0 at 60 %
insertion: proc 0 at 70 %
insertion: proc 0 at 80 %
insertion: proc 0 at 90 %
INFO: Particle insertion ins: inserted 10 particle templates (mass 0.000006) at step 8001
 - a total of 90 particle templates (mass 0.000044) inserted so far.
insertion: proc 0 at 0 %
insertion: proc 0 at 10 %
insertion: proc 0 at 20 %
insertion: proc 0 at 30 %
insertion: proc 0 at 40 %
insertion: proc 0 at 50 %
insertion: proc 0 at 60 %
insertion: proc 0 at 70 %
insertion: proc 0 at 80 %
insertion: proc 0 at 90 %
INFO: Particle insertion ins: inserted 10 particle templates (mass 0.000005) at step 9001
 - a total of 100 particle templates (mass 0.000049) inserted so far.
insertion: proc 0 at 0 %
insertion: proc 0 at 10 %
insertion: proc 0 at 20 %
insertion: proc 0 at 30 %
insertion: proc 0 at 40 %
insertion: proc 0 at 50 %
insertion: proc 0 at 60 %
insertion: proc 0 at 70 %
insertion: proc 0 at 80 %
insertion: proc 0 at 90 %
INFO: Particle insertion ins: inserted 10 particle templates (mass 0.000004) at step 10001
 - a total of 110 particle templates (mass 0.000052) inserted so far.
insertion: proc 0 at 0 %
insertion: proc 0 at 10 %
insertion: proc 0 at 20 %
insertion: proc 0 at 30 %
insertion: proc 0 at 40 %
insertion: proc 0 at 50 %
insertion: proc 0 at 60 %
insertion: proc 0 at 70 %
insertion: proc 0 at 80 %
insertion: proc 0 at 90 %
INFO: Particle insertion ins: inserted 10 particle templates (mass 0.000005) at step 11001
 - a total of 120 particle templates (mass 0.000057) inserted so far.
insertion: proc 0 at 0 %
insertion: proc 0 at 10 %
insertion: proc 0 at 20 %
insertion: proc 0 at 30 %
insertion: proc 0 at 40 %
insertion: proc 0 at 50 %
insertion: proc 0 at 60 %
insertion: proc 0 at 70 %
insertion: proc 0 at 80 %
insertion: proc 0 at 90 %
INFO: Particle insertion ins: inserted 10 particle templates (mass 0.000004) at step 12001
 - a total of 130 particle templates (mass 0.000061) inserted so far.
insertion: proc 0 at 0 %
insertion: proc 0 at 10 %
insertion: proc 0 at 20 %
insertion: proc 0 at 30 %
insertion: proc 0 at 40 %
insertion: proc 0 at 50 %
insertion: proc 0 at 60 %
insertion: proc 0 at 70 %
insertion: proc 0 at 80 %
insertion: proc 0 at 90 %
INFO: Particle insertion ins: inserted 10 particle templates (mass 0.000005) at step 13001
 - a total of 140 particle templates (mass 0.000066) inserted so far.
insertion: proc 0 at 0 %
insertion: proc 0 at 10 %
insertion: proc 0 at 20 %
insertion: proc 0 at 30 %
insertion: proc 0 at 40 %
insertion: proc 0 at 50 %
insertion: proc 0 at 60 %
insertion: proc 0 at 70 %
insertion: proc 0 at 80 %
insertion: proc 0 at 90 %
INFO: Particle insertion ins: inserted 10 particle templates (mass 0.000006) at step 14001
 - a total of 150 particle templates (mass 0.000071) inserted so far.
insertion: proc 0 at 0 %
insertion: proc 0 at 10 %
insertion: proc 0 at 20 %
insertion: proc 0 at 30 %
insertion: proc 0 at 40 %
insertion: proc 0 at 50 %
insertion: proc 0 at 60 %
insertion: proc 0 at 70 %
insertion: proc 0 at 80 %
insertion: proc 0 at 90 %
INFO: Particle insertion ins: inserted 10 particle templates (mass 0.000006) at step 15001
 - a total of 160 particle templates (mass 0.000078) inserted so far.
insertion: proc 0 at 0 %
insertion: proc 0 at 10 %
insertion: proc 0 at 20 %
insertion: proc 0 at 30 %
insertion: proc 0 at 40 %
insertion: proc 0 at 50 %
insertion: proc 0 at 60 %
insertion: proc 0 at 70 %
insertion: proc 0 at 80 %
insertion: proc 0 at 90 %
INFO: Particle insertion ins: inserted 10 particle templates (mass 0.000004) at step 16001
 - a total of 170 particle templates (mass 0.000082) inserted so far.
insertion: proc 0 at 0 %
insertion: proc 0 at 10 %
insertion: proc 0 at 20 %
insertion: proc 0 at 30 %
insertion: proc 0 at 40 %
insertion: proc 0 at 50 %
insertion: proc 0 at 60 %
insertion: proc 0 at 70 %
insertion: proc 0 at 80 %
insertion: proc 0 at 90 %
INFO: Particle insertion ins: inserted 10 particle templates (mass 0.000004) at step 17001
 - a total of 180 particle templates (mass 0.000086) inserted so far.
insertion: proc 0 at 0 %
insertion: proc 0 at 10 %
insertion: proc 0 at 20 %
insertion: proc 0 at 30 %
insertion: proc 0 at 40 %
insertion: proc 0 at 50 %
insertion: proc 0 at 60 %
insertion: proc 0 at 70 %
insertion: proc 0 at 80 %
insertion: proc 0 at 90 %
INFO: Particle insertion ins: inserted 10 particle templates (mass 0.000004) at step 18001
 - a total of 190 particle templates (mass 0.000090) inserted so far.
insertion: proc 0 at 0 %
insertion: proc 0 at 10 %
insertion: proc 0 at 20 %
insertion: proc 0 at 30 %
insertion: proc 0 at 40 %
insertion: proc 0 at 50 %
insertion: proc 0 at 60 %
insertion: proc 0 at 70 %
insertion: proc 0 at 80 %
insertion: proc 0 at 90 %
INFO: Particle insertion ins: inserted 10 particle templates (mass 0.000004) at step 19001
 - a total of 200 particle templates (mass 0.000094) inserted so far.
insertion: proc 0 at 0 %
insertion: proc 0 at 10 %
insertion: proc 0 at 20 %
insertion: proc 0 at 30 %
insertion: proc 0 at 40 %
insertion: proc 0 at 50 %
insertion: proc 0 at 60 %
insertion: proc 0 at 70 %
insertion: proc 0 at 80 %
insertion: proc 0 at 90 %
INFO: Particle insertion ins: inserted 10 particle templates (mass 0.000005) at step 20001
 - a total of 210 particle templates (mass 0.000099) inserted so far.
insertion: proc 0 at 0 %
insertion: proc 0 at 10 %
insertion: proc 0 at 20 %
insertion: proc 0 at 30 %
insertion: proc 0 at 40 %
insertion: proc 0 at 50 %
insertion: proc 0 at 60 %
insertion: proc 0 at 70 %
insertion: proc 0 at 80 %
insertion: proc 0 at 90 %
INFO: Particle insertion ins: inserted 10 particle templates (mass 0.000003) at step 21001
 - a total of 220 particle templates (mass 0.000102) inserted so far.
insertion: proc 0 at 0 %
insertion: proc 0 at 10 %
insertion: proc 0 at 20 %
insertion: proc 0 at 30 %
insertion: proc 0 at 40 %
insertion: proc 0 at 50 %
insertion: proc 0 at 60 %
insertion: proc 0 at 70 %
insertion: proc 0 at 80 %
insertion: proc 0 at 90 %
INFO: Particle insertion ins: inserted 10 particle templates (mass 0.000005) at step 22001
 - a total of 230 particle templates (mass 0.000107) inserted so far.
insertion: proc 0 at 0 %
insertion: proc 0 at 10 %
insertion: proc 0 at 20 %
insertion: proc 0 at 30 %
insertion: proc 0 at 40 %
insertion: proc 0 at 50 %
insertion: proc 0 at 60 %
insertion: proc 0 at 70 %
insertion: proc 0 at 80 %
insertion: proc 0 at 90 %
INFO: Particle insertion ins: inserted 10 particle templates (mass 0.000004) at step 23001
 - a total of 240 particle templates (mass 0.000111) inserted so far.
insertion: proc 0 at 0 %
insertion: proc 0 at 10 %
insertion: proc 0 at 20 %
insertion: proc 0 at 30 %
insertion: proc 0 at 40 %
insertion: proc 0 at 50 %
insertion: proc 0 at 60 %
insertion: proc 0 at 70 %
insertion: proc 0 at 80 %
insertion: proc 0 at 90 %
INFO: Particle insertion ins: inserted 10 particle templates (mass 0.000004) at step 24001
 - a total of 250 particle templates (mass 0.000115) inserted so far.
insertion: proc 0 at 0 %
insertion: proc 0 at 10 %
insertion: proc 0 at 20 %
insertion: proc 0 at 30 %
insertion: proc 0 at 40 %
insertion: proc 0 at 50 %
insertion: proc 0 at 60 %
insertion: proc 0 at 70 %
insertion: proc 0 at 80 %
insertion: proc 0 at 90 %
INFO: Particle insertion ins: inserted 10 particle templates (mass 0.000004) at step 25001
 - a total of 260 particle templates (mass 0.000119) inserted so far.
insertion: proc 0 at 0 %
insertion: proc 0 at 10 %
insertion: proc 0 at 20 %
insertion: proc 0 at 30 %
insertion: proc 0 at 40 %
insertion: proc 0 at 50 %
insertion: proc 0 at 60 %
insertion: proc 0 at 70 %
insertion: proc 0 at 80 %
insertion: proc 0 at 90 %
INFO: Particle insertion ins: inserted 10 particle templates (mass 0.000004) at step 26001
 - a total of 270 particle templates (mass 0.000123) inserted so far.
insertion: proc 0 at 0 %
insertion: proc 0 at 10 %
insertion: proc 0 at 20 %
insertion: proc 0 at 30 %
insertion: proc 0 at 40 %
insertion: proc 0 at 50 %
insertion: proc 0 at 60 %
insertion: proc 0 at 70 %
insertion: proc 0 at 80 %
insertion: proc 0 at 90 %
INFO: Particle insertion ins: inserted 10 particle templates (mass 0.000004) at step 27001
 - a total of 280 particle templates (mass 0.000127) inserted so far.
insertion: proc 0 at 0 %
insertion: proc 0 at 10 %
insertion: proc 0 at 20 %
insertion: proc 0 at 30 %
insertion: proc 0 at 40 %
insertion: proc 0 at 50 %
insertion: proc 0 at 60 %
insertion: proc 0 at 70 %
insertion: proc 0 at 80 %
insertion: proc 0 at 90 %
INFO: Particle insertion ins: inserted 10 particle templates (mass 0.000005) at step 28001
 - a total of 290 particle templates (mass 0.000132) inserted so far.
insertion: proc 0 at 0 %
insertion: proc 0 at 10 %
insertion: proc 0 at 20 %
insertion: proc 0 at 30 %
insertion: proc 0 at 40 %
insertion: proc 0 at 50 %
insertion: proc 0 at 60 %
insertion: proc 0 at 70 %
insertion: proc 0 at 80 %
insertion: proc 0 at 90 %
INFO: Particle insertion ins: inserted 10 particle templates (mass 0.000005) at step 29001
 - a total of 300 particle templates (mass 0.000136) inserted so far.
insertion: proc 0 at 0 %
insertion: proc 0 at 10 %
insertion: proc 0 at 20 %
insertion: proc 0 at 30 %
insertion: proc 0 at 40 %
insertion: proc 0 at 50 %
insertion: proc 0 at 60 %
insertion: proc 0 at 70 %
insertion: proc 0 at 80 %
insertion: proc 0 at 90 %
INFO: Particle insertion ins: inserted 10 particle templates (mass 0.000004) at step 30001
 - a total of 310 particle templates (mass 0.000141) inserted so far.
insertion: proc 0 at 0 %
insertion: proc 0 at 10 %
insertion: proc 0 at 20 %
insertion: proc 0 at 30 %
insertion: proc 0 at 40 %
insertion: proc 0 at 50 %
insertion: proc 0 at 60 %
insertion: proc 0 at 70 %
insertion: proc 0 at 80 %
insertion: proc 0 at 90 %
INFO: Particle insertion ins: inserted 10 particle templates (mass 0.000004) at step 31001
 - a total of 320 particle templates (mass 0.000144) inserted so far.
insertion: proc 0 at 0 %
insertion: proc 0 at 10 %
insertion: proc 0 at 20 %
insertion: proc 0 at 30 %
insertion: proc 0 at 40 %
insertion: proc 0 at 50 %
insertion: proc 0 at 60 %
insertion: proc 0 at 70 %
insertion: proc 0 at 80 %
insertion: proc 0 at 90 %
INFO: Particle insertion ins: inserted 10 particle templates (mass 0.000003) at step 32001
 - a total of 330 particle templates (mass 0.000148) inserted so far.
insertion: proc 0 at 0 %
insertion: proc 0 at 10 %
insertion: proc 0 at 20 %
insertion: proc 0 at 30 %
insertion: proc 0 at 40 %
insertion: proc 0 at 50 %
insertion: proc 0 at 60 %
insertion: proc 0 at 70 %
insertion: proc 0 at 80 %
insertion: proc 0 at 90 %
INFO: Particle insertion ins: inserted 10 particle templates (mass 0.000003) at step 33001
 - a total of 340 particle templates (mass 0.000151) inserted so far.
insertion: proc 0 at 0 %
insertion: proc 0 at 10 %
insertion: proc 0 at 20 %
insertion: proc 0 at 30 %
insertion: proc 0 at 40 %
insertion: proc 0 at 50 %
insertion: proc 0 at 60 %
insertion: proc 0 at 70 %
insertion: proc 0 at 80 %
insertion: proc 0 at 90 %
INFO: Particle insertion ins: inserted 10 particle templates (mass 0.000004) at step 34001
 - a total of 350 particle templates (mass 0.000155) inserted so far.
insertion: proc 0 at 0 %
insertion: proc 0 at 10 %
insertion: proc 0 at 20 %
insertion: proc 0 at 30 %
insertion: proc 0 at 40 %
insertion: proc 0 at 50 %
insertion: proc 0 at 60 %
insertion: proc 0 at 70 %
insertion: proc 0 at 80 %
insertion: proc 0 at 90 %
INFO: Particle insertion ins: inserted 10 particle templates (mass 0.000004) at step 35001
 - a total of 360 particle templates (mass 0.000158) inserted so far.
insertion: proc 0 at 0 %
insertion: proc 0 at 10 %
insertion: proc 0 at 20 %
insertion: proc 0 at 30 %
insertion: proc 0 at 40 %
insertion: proc 0 at 50 %
insertion: proc 0 at 60 %
insertion: proc 0 at 70 %
insertion: proc 0 at 80 %
insertion: proc 0 at 90 %
INFO: Particle insertion ins: inserted 10 particle templates (mass 0.000004) at step 36001
 - a total of 370 particle templates (mass 0.000162) inserted so far.
insertion: proc 0 at 0 %
insertion: proc 0 at 10 %
insertion: proc 0 at 20 %
insertion: proc 0 at 30 %
insertion: proc 0 at 40 %
insertion: proc 0 at 50 %
insertion: proc 0 at 60 %
insertion: proc 0 at 70 %
insertion: proc 0 at 80 %
insertion: proc 0 at 90 %
INFO: Particle insertion ins: inserted 10 particle templates (mass 0.000004) at step 37001
 - a total of 380 particle templates (mass 0.000167) inserted so far.
insertion: proc 0 at 0 %
INFO: Particle insertion ins: inserted 0 particle templates (mass 0.000000) at step 38001
 - a total of 380 particle templates (mass 0.000167) inserted so far.
WARNING: Particle insertion: Less insertions than requested (/home/kris/CFDEM/LIGGGHTS/src/fix_insert.cpp:814)
insertion: proc 0 at 0 %
INFO: Particle insertion ins: inserted 0 particle templates (mass 0.000000) at step 39001
 - a total of 380 particle templates (mass 0.000167) inserted so far.
WARNING: Particle insertion: Less insertions than requested (/home/kris/CFDEM/LIGGGHTS/src/fix_insert.cpp:814)
insertion: proc 0 at 0 %
insertion: proc 0 at 10 %
insertion: proc 0 at 20 %
insertion: proc 0 at 30 %
insertion: proc 0 at 40 %
insertion: proc 0 at 50 %
insertion: proc 0 at 60 %
insertion: proc 0 at 70 %
insertion: proc 0 at 80 %
insertion: proc 0 at 90 %
INFO: Particle insertion ins: inserted 10 particle templates (mass 0.000004) at step 40001
 - a total of 390 particle templates (mass 0.000170) inserted so far.
insertion: proc 0 at 0 %
insertion: proc 0 at 10 %
insertion: proc 0 at 20 %
insertion: proc 0 at 30 %
insertion: proc 0 at 40 %
insertion: proc 0 at 50 %
insertion: proc 0 at 60 %
insertion: proc 0 at 70 %
insertion: proc 0 at 80 %
insertion: proc 0 at 90 %
INFO: Particle insertion ins: inserted 10 particle templates (mass 0.000004) at step 41001
 - a total of 400 particle templates (mass 0.000174) inserted so far.
insertion: proc 0 at 0 %
insertion: proc 0 at 10 %
insertion: proc 0 at 20 %
insertion: proc 0 at 30 %
insertion: proc 0 at 40 %
insertion: proc 0 at 50 %
insertion: proc 0 at 60 %
insertion: proc 0 at 70 %
INFO: Particle insertion ins: inserted 7 particle templates (mass 0.000005) at step 42001
 - a total of 407 particle templates (mass 0.000179) inserted so far.
WARNING: Particle insertion: Less insertions than requested (/home/kris/CFDEM/LIGGGHTS/src/fix_insert.cpp:814)
insertion: proc 0 at 0 %
insertion: proc 0 at 10 %
insertion: proc 0 at 20 %
insertion: proc 0 at 30 %
insertion: proc 0 at 40 %
insertion: proc 0 at 50 %
insertion: proc 0 at 60 %
insertion: proc 0 at 70 %
insertion: proc 0 at 80 %
insertion: proc 0 at 90 %
INFO: Particle insertion ins: inserted 10 particle templates (mass 0.000003) at step 43001
 - a total of 417 particle templates (mass 0.000183) inserted so far.
insertion: proc 0 at 0 %
insertion: proc 0 at 10 %
insertion: proc 0 at 20 %
insertion: proc 0 at 30 %
insertion: proc 0 at 40 %
insertion: proc 0 at 50 %
insertion: proc 0 at 60 %
insertion: proc 0 at 70 %
insertion: proc 0 at 80 %
insertion: proc 0 at 90 %
INFO: Particle insertion ins: inserted 10 particle templates (mass 0.000005) at step 44001
 - a total of 427 particle templates (mass 0.000188) inserted so far.
insertion: proc 0 at 0 %
insertion: proc 0 at 10 %
insertion: proc 0 at 20 %
insertion: proc 0 at 30 %
insertion: proc 0 at 40 %
insertion: proc 0 at 50 %
insertion: proc 0 at 60 %
insertion: proc 0 at 70 %
insertion: proc 0 at 80 %
insertion: proc 0 at 90 %
INFO: Particle insertion ins: inserted 10 particle templates (mass 0.000004) at step 45001
 - a total of 437 particle templates (mass 0.000191) inserted so far.
insertion: proc 0 at 0 %
insertion: proc 0 at 10 %
insertion: proc 0 at 20 %
insertion: proc 0 at 30 %
insertion: proc 0 at 40 %
insertion: proc 0 at 50 %
insertion: proc 0 at 60 %
insertion: proc 0 at 70 %
insertion: proc 0 at 80 %
insertion: proc 0 at 90 %
INFO: Particle insertion ins: inserted 10 particle templates (mass 0.000005) at step 46001
 - a total of 447 particle templates (mass 0.000196) inserted so far.
insertion: proc 0 at 0 %
insertion: proc 0 at 10 %
insertion: proc 0 at 20 %
insertion: proc 0 at 30 %
insertion: proc 0 at 40 %
insertion: proc 0 at 50 %
insertion: proc 0 at 60 %
insertion: proc 0 at 70 %
insertion: proc 0 at 80 %
insertion: proc 0 at 90 %
INFO: Particle insertion ins: inserted 10 particle templates (mass 0.000004) at step 47001
 - a total of 457 particle templates (mass 0.000200) inserted so far.
insertion: proc 0 at 0 %
insertion: proc 0 at 10 %
insertion: proc 0 at 20 %
insertion: proc 0 at 30 %
insertion: proc 0 at 40 %
insertion: proc 0 at 50 %
insertion: proc 0 at 60 %
insertion: proc 0 at 70 %
insertion: proc 0 at 80 %
insertion: proc 0 at 90 %
INFO: Particle insertion ins: inserted 10 particle templates (mass 0.000004) at step 48001
 - a total of 467 particle templates (mass 0.000204) inserted so far.
insertion: proc 0 at 0 %
insertion: proc 0 at 10 %
INFO: Particle insertion ins: inserted 1 particle templates (mass 0.000001) at step 49001
 - a total of 468 particle templates (mass 0.000205) inserted so far.
WARNING: Particle insertion: Less insertions than requested (/home/kris/CFDEM/LIGGGHTS/src/fix_insert.cpp:814)
insertion: proc 0 at 0 %
insertion: proc 0 at 10 %
insertion: proc 0 at 20 %
insertion: proc 0 at 30 %
insertion: proc 0 at 40 %
insertion: proc 0 at 50 %
insertion: proc 0 at 60 %
insertion: proc 0 at 70 %
insertion: proc 0 at 80 %
insertion: proc 0 at 90 %
INFO: Particle insertion ins: inserted 10 particle templates (mass 0.000004) at step 50001
 - a total of 478 particle templates (mass 0.000209) inserted so far.
insertion: proc 0 at 0 %
INFO: Particle insertion ins: inserted 0 particle templates (mass 0.000000) at step 51001
 - a total of 478 particle templates (mass 0.000209) inserted so far.
WARNING: Particle insertion: Less insertions than requested (/home/kris/CFDEM/LIGGGHTS/src/fix_insert.cpp:814)
insertion: proc 0 at 0 %
INFO: Particle insertion ins: inserted 0 particle templates (mass 0.000000) at step 52001
 - a total of 478 particle templates (mass 0.000209) inserted so far.
WARNING: Particle insertion: Less insertions than requested (/home/kris/CFDEM/LIGGGHTS/src/fix_insert.cpp:814)
insertion: proc 0 at 0 %
INFO: Particle insertion ins: inserted 0 particle templates (mass 0.000000) at step 53001
 - a total of 478 particle templates (mass 0.000209) inserted so far.
WARNING: Particle insertion: Less insertions than requested (/home/kris/CFDEM/LIGGGHTS/src/fix_insert.cpp:814)
insertion: proc 0 at 0 %
INFO: Particle insertion ins: inserted 0 particle templates (mass 0.000000) at step 54001
 - a total of 478 particle templates (mass 0.000209) inserted so far.
WARNING: Particle insertion: Less insertions than requested (/home/kris/CFDEM/LIGGGHTS/src/fix_insert.cpp:814)
insertion: proc 0 at 0 %
INFO: Particle insertion ins: inserted 0 particle templates (mass 0.000000) at step 55001
 - a total of 478 particle templates (mass 0.000209) inserted so far.
WARNING: Particle insertion: Less insertions than requested (/home/kris/CFDEM/LIGGGHTS/src/fix_insert.cpp:814)
insertion: proc 0 at 0 %
INFO: Particle insertion ins: inserted 0 particle templates (mass 0.000000) at step 56001
 - a total of 478 particle templates (mass 0.000209) inserted so far.
WARNING: Particle insertion: Less insertions than requested (/home/kris/CFDEM/LIGGGHTS/src/fix_insert.cpp:814)
insertion: proc 0 at 0 %
insertion: proc 0 at 10 %
insertion: proc 0 at 20 %
insertion: proc 0 at 30 %
insertion: proc 0 at 40 %
insertion: proc 0 at 50 %
insertion: proc 0 at 60 %
insertion: proc 0 at 70 %
INFO: Particle insertion ins: inserted 7 particle templates (mass 0.000003) at step 57001
 - a total of 485 particle templates (mass 0.000212) inserted so far.
WARNING: Particle insertion: Less insertions than requested (/home/kris/CFDEM/LIGGGHTS/src/fix_insert.cpp:814)
insertion: proc 0 at 0 %
INFO: Particle insertion ins: inserted 0 particle templates (mass 0.000000) at step 58001
 - a total of 485 particle templates (mass 0.000212) inserted so far.
WARNING: Particle insertion: Less insertions than requested (/home/kris/CFDEM/LIGGGHTS/src/fix_insert.cpp:814)
insertion: proc 0 at 0 %
insertion: proc 0 at 10 %
insertion: proc 0 at 20 %
insertion: proc 0 at 30 %
insertion: proc 0 at 40 %
insertion: proc 0 at 50 %
insertion: proc 0 at 60 %
insertion: proc 0 at 70 %
insertion: proc 0 at 80 %
insertion: proc 0 at 90 %
INFO: Particle insertion ins: inserted 10 particle templates (mass 0.000004) at step 59001
 - a total of 495 particle templates (mass 0.000216) inserted so far.
insertion: proc 0 at 0 %
insertion: proc 0 at 10 %
insertion: proc 0 at 20 %
insertion: proc 0 at 30 %
insertion: proc 0 at 40 %
insertion: proc 0 at 50 %
insertion: proc 0 at 60 %
insertion: proc 0 at 70 %
insertion: proc 0 at 80 %
insertion: proc 0 at 90 %
INFO: Particle insertion ins: inserted 10 particle templates (mass 0.000004) at step 60001
 - a total of 505 particle templates (mass 0.000219) inserted so far.
insertion: proc 0 at 0 %
INFO: Particle insertion ins: inserted 0 particle templates (mass 0.000000) at step 61001
 - a total of 505 particle templates (mass 0.000219) inserted so far.
WARNING: Particle insertion: Less insertions than requested (/home/kris/CFDEM/LIGGGHTS/src/fix_insert.cpp:814)
insertion: proc 0 at 0 %
INFO: Particle insertion ins: inserted 0 particle templates (mass 0.000000) at step 62001
 - a total of 505 particle templates (mass 0.000219) inserted so far.
WARNING: Particle insertion: Less insertions than requested (/home/kris/CFDEM/LIGGGHTS/src/fix_insert.cpp:814)
insertion: proc 0 at 0 %
insertion: proc 0 at 10 %
insertion: proc 0 at 20 %
insertion: proc 0 at 30 %
insertion: proc 0 at 40 %
insertion: proc 0 at 50 %
insertion: proc 0 at 60 %
insertion: proc 0 at 70 %
insertion: proc 0 at 80 %
insertion: proc 0 at 90 %
INFO: Particle insertion ins: inserted 10 particle templates (mass 0.000003) at step 63001
 - a total of 515 particle templates (mass 0.000222) inserted so far.
insertion: proc 0 at 0 %
INFO: Particle insertion ins: inserted 0 particle templates (mass 0.000000) at step 64001
 - a total of 515 particle templates (mass 0.000222) inserted so far.
WARNING: Particle insertion: Less insertions than requested (/home/kris/CFDEM/LIGGGHTS/src/fix_insert.cpp:814)
insertion: proc 0 at 0 %
INFO: Particle insertion ins: inserted 0 particle templates (mass 0.000000) at step 65001
 - a total of 515 particle templates (mass 0.000222) inserted so far.
WARNING: Particle insertion: Less insertions than requested (/home/kris/CFDEM/LIGGGHTS/src/fix_insert.cpp:814)
insertion: proc 0 at 0 %
INFO: Particle insertion ins: inserted 0 particle templates (mass 0.000000) at step 66001
 - a total of 515 particle templates (mass 0.000222) inserted so far.
WARNING: Particle insertion: Less insertions than requested (/home/kris/CFDEM/LIGGGHTS/src/fix_insert.cpp:814)
insertion: proc 0 at 0 %
INFO: Particle insertion ins: inserted 0 particle templates (mass 0.000000) at step 67001
 - a total of 515 particle templates (mass 0.000222) inserted so far.
WARNING: Particle insertion: Less insertions than requested (/home/kris/CFDEM/LIGGGHTS/src/fix_insert.cpp:814)
insertion: proc 0 at 0 %
insertion: proc 0 at 10 %
insertion: proc 0 at 20 %
INFO: Particle insertion ins: inserted 2 particle templates (mass 0.000002) at step 68001
 - a total of 517 particle templates (mass 0.000224) inserted so far.
WARNING: Particle insertion: Less insertions than requested (/home/kris/CFDEM/LIGGGHTS/src/fix_insert.cpp:814)
insertion: proc 0 at 0 %
insertion: proc 0 at 10 %
insertion: proc 0 at 20 %
insertion: proc 0 at 30 %
insertion: proc 0 at 40 %
insertion: proc 0 at 50 %
insertion: proc 0 at 60 %
insertion: proc 0 at 70 %
insertion: proc 0 at 80 %
insertion: proc 0 at 90 %
INFO: Particle insertion ins: inserted 10 particle templates (mass 0.000004) at step 69001
 - a total of 527 particle templates (mass 0.000227) inserted so far.
insertion: proc 0 at 0 %
insertion: proc 0 at 10 %
insertion: proc 0 at 20 %
insertion: proc 0 at 30 %
insertion: proc 0 at 40 %
insertion: proc 0 at 50 %
insertion: proc 0 at 60 %
insertion: proc 0 at 70 %
INFO: Particle insertion ins: inserted 7 particle templates (mass 0.000003) at step 70001
 - a total of 534 particle templates (mass 0.000231) inserted so far.
WARNING: Particle insertion: Less insertions than requested (/home/kris/CFDEM/LIGGGHTS/src/fix_insert.cpp:814)
insertion: proc 0 at 0 %
INFO: Particle insertion ins: inserted 0 particle templates (mass 0.000000) at step 71001
 - a total of 534 particle templates (mass 0.000231) inserted so far.
WARNING: Particle insertion: Less insertions than requested (/home/kris/CFDEM/LIGGGHTS/src/fix_insert.cpp:814)
insertion: proc 0 at 0 %
INFO: Particle insertion ins: inserted 0 particle templates (mass 0.000000) at step 72001
 - a total of 534 particle templates (mass 0.000231) inserted so far.
WARNING: Particle insertion: Less insertions than requested (/home/kris/CFDEM/LIGGGHTS/src/fix_insert.cpp:814)
insertion: proc 0 at 0 %
INFO: Particle insertion ins: inserted 0 particle templates (mass 0.000000) at step 73001
 - a total of 534 particle templates (mass 0.000231) inserted so far.
WARNING: Particle insertion: Less insertions than requested (/home/kris/CFDEM/LIGGGHTS/src/fix_insert.cpp:814)
insertion: proc 0 at 0 %
insertion: proc 0 at 10 %
insertion: proc 0 at 20 %
insertion: proc 0 at 30 %
insertion: proc 0 at 40 %
insertion: proc 0 at 50 %
insertion: proc 0 at 60 %
insertion: proc 0 at 70 %
insertion: proc 0 at 80 %
insertion: proc 0 at 90 %
INFO: Particle insertion ins: inserted 10 particle templates (mass 0.000003) at step 74001
 - a total of 544 particle templates (mass 0.000234) inserted so far.
insertion: proc 0 at 0 %
INFO: Particle insertion ins: inserted 0 particle templates (mass 0.000000) at step 75001
 - a total of 544 particle templates (mass 0.000234) inserted so far.
WARNING: Particle insertion: Less insertions than requested (/home/kris/CFDEM/LIGGGHTS/src/fix_insert.cpp:814)
insertion: proc 0 at 0 %
INFO: Particle insertion ins: inserted 0 particle templates (mass 0.000000) at step 76001
 - a total of 544 particle templates (mass 0.000234) inserted so far.
WARNING: Particle insertion: Less insertions than requested (/home/kris/CFDEM/LIGGGHTS/src/fix_insert.cpp:814)
insertion: proc 0 at 0 %
insertion: proc 0 at 10 %
insertion: proc 0 at 20 %
insertion: proc 0 at 30 %
insertion: proc 0 at 40 %
insertion: proc 0 at 50 %
insertion: proc 0 at 60 %
INFO: Particle insertion ins: inserted 6 particle templates (mass 0.000003) at step 77001
 - a total of 550 particle templates (mass 0.000237) inserted so far.
WARNING: Particle insertion: Less insertions than requested (/home/kris/CFDEM/LIGGGHTS/src/fix_insert.cpp:814)
insertion: proc 0 at 0 %
INFO: Particle insertion ins: inserted 0 particle templates (mass 0.000000) at step 78001
 - a total of 550 particle templates (mass 0.000237) inserted so far.
WARNING: Particle insertion: Less insertions than requested (/home/kris/CFDEM/LIGGGHTS/src/fix_insert.cpp:814)
insertion: proc 0 at 0 %
insertion: proc 0 at 10 %
insertion: proc 0 at 20 %
insertion: proc 0 at 30 %
insertion: proc 0 at 40 %
insertion: proc 0 at 50 %
insertion: proc 0 at 60 %
insertion: proc 0 at 70 %
insertion: proc 0 at 80 %
insertion: proc 0 at 90 %
INFO: Particle insertion ins: inserted 10 particle templates (mass 0.000004) at step 79001
 - a total of 560 particle templates (mass 0.000241) inserted so far.
insertion: proc 0 at 0 %
INFO: Particle insertion ins: inserted 0 particle templates (mass 0.000000) at step 80001
 - a total of 560 particle templates (mass 0.000241) inserted so far.
WARNING: Particle insertion: Less insertions than requested (/home/kris/CFDEM/LIGGGHTS/src/fix_insert.cpp:814)
insertion: proc 0 at 0 %
INFO: Particle insertion ins: inserted 0 particle templates (mass 0.000000) at step 81001
 - a total of 560 particle templates (mass 0.000241) inserted so far.
WARNING: Particle insertion: Less insertions than requested (/home/kris/CFDEM/LIGGGHTS/src/fix_insert.cpp:814)
insertion: proc 0 at 0 %
INFO: Particle insertion ins: inserted 0 particle templates (mass 0.000000) at step 82001
 - a total of 560 particle templates (mass 0.000241) inserted so far.
WARNING: Particle insertion: Less insertions than requested (/home/kris/CFDEM/LIGGGHTS/src/fix_insert.cpp:814)
insertion: proc 0 at 0 %
INFO: Particle insertion ins: inserted 0 particle templates (mass 0.000000) at step 83001
 - a total of 560 particle templates (mass 0.000241) inserted so far.
WARNING: Particle insertion: Less insertions than requested (/home/kris/CFDEM/LIGGGHTS/src/fix_insert.cpp:814)
insertion: proc 0 at 0 %
insertion: proc 0 at 10 %
INFO: Particle insertion ins: inserted 1 particle templates (mass 0.000001) at step 84001
 - a total of 561 particle templates (mass 0.000242) inserted so far.
WARNING: Particle insertion: Less insertions than requested (/home/kris/CFDEM/LIGGGHTS/src/fix_insert.cpp:814)
insertion: proc 0 at 0 %
insertion: proc 0 at 10 %
INFO: Particle insertion ins: inserted 1 particle templates (mass 0.000001) at step 85001
 - a total of 562 particle templates (mass 0.000243) inserted so far.
WARNING: Particle insertion: Less insertions than requested (/home/kris/CFDEM/LIGGGHTS/src/fix_insert.cpp:814)
insertion: proc 0 at 0 %
INFO: Particle insertion ins: inserted 0 particle templates (mass 0.000000) at step 86001
 - a total of 562 particle templates (mass 0.000243) inserted so far.
WARNING: Particle insertion: Less insertions than requested (/home/kris/CFDEM/LIGGGHTS/src/fix_insert.cpp:814)
insertion: proc 0 at 0 %
INFO: Particle insertion ins: inserted 0 particle templates (mass 0.000000) at step 87001
 - a total of 562 particle templates (mass 0.000243) inserted so far.
WARNING: Particle insertion: Less insertions than requested (/home/kris/CFDEM/LIGGGHTS/src/fix_insert.cpp:814)
insertion: proc 0 at 0 %
INFO: Particle insertion ins: inserted 0 particle templates (mass 0.000000) at step 88001
 - a total of 562 particle templates (mass 0.000243) inserted so far.
WARNING: Particle insertion: Less insertions than requested (/home/kris/CFDEM/LIGGGHTS/src/fix_insert.cpp:814)
insertion: proc 0 at 0 %
insertion: proc 0 at 10 %
insertion: proc 0 at 20 %
insertion: proc 0 at 30 %
insertion: proc 0 at 40 %
insertion: proc 0 at 50 %
insertion: proc 0 at 60 %
insertion: proc 0 at 70 %
insertion: proc 0 at 80 %
insertion: proc 0 at 90 %
INFO: Particle insertion ins: inserted 10 particle templates (mass 0.000004) at step 89001
 - a total of 572 particle templates (mass 0.000247) inserted so far.
insertion: proc 0 at 0 %
insertion: proc 0 at 10 %
insertion: proc 0 at 20 %
insertion: proc 0 at 30 %
insertion: proc 0 at 40 %
INFO: Particle insertion ins: inserted 4 particle templates (mass 0.000003) at step 90001
 - a total of 576 particle templates (mass 0.000250) inserted so far.
WARNING: Particle insertion: Less insertions than requested (/home/kris/CFDEM/LIGGGHTS/src/fix_insert.cpp:814)
insertion: proc 0 at 0 %
INFO: Particle insertion ins: inserted 0 particle templates (mass 0.000000) at step 91001
 - a total of 576 particle templates (mass 0.000250) inserted so far.
WARNING: Particle insertion: Less insertions than requested (/home/kris/CFDEM/LIGGGHTS/src/fix_insert.cpp:814)
insertion: proc 0 at 0 %
INFO: Particle insertion ins: inserted 0 particle templates (mass 0.000000) at step 92001
 - a total of 576 particle templates (mass 0.000250) inserted so far.
WARNING: Particle insertion: Less insertions than requested (/home/kris/CFDEM/LIGGGHTS/src/fix_insert.cpp:814)
insertion: proc 0 at 0 %
insertion: proc 0 at 10 %
insertion: proc 0 at 20 %
insertion: proc 0 at 30 %
insertion: proc 0 at 40 %
insertion: proc 0 at 50 %
insertion: proc 0 at 60 %
insertion: proc 0 at 70 %
insertion: proc 0 at 80 %
insertion: proc 0 at 90 %
INFO: Particle insertion ins: inserted 10 particle templates (mass 0.000004) at step 93001
 - a total of 586 particle templates (mass 0.000254) inserted so far.
insertion: proc 0 at 0 %
insertion: proc 0 at 10 %
insertion: proc 0 at 20 %
insertion: proc 0 at 30 %
insertion: proc 0 at 40 %
insertion: proc 0 at 50 %
insertion: proc 0 at 60 %
insertion: proc 0 at 70 %
insertion: proc 0 at 80 %
insertion: proc 0 at 90 %
INFO: Particle insertion ins: inserted 10 particle templates (mass 0.000004) at step 94001
 - a total of 596 particle templates (mass 0.000258) inserted so far.
insertion: proc 0 at 0 %
insertion: proc 0 at 10 %
insertion: proc 0 at 20 %
insertion: proc 0 at 30 %
insertion: proc 0 at 40 %
insertion: proc 0 at 50 %
insertion: proc 0 at 60 %
insertion: proc 0 at 70 %
insertion: proc 0 at 80 %
insertion: proc 0 at 90 %
INFO: Particle insertion ins: inserted 10 particle templates (mass 0.000004) at step 95001
 - a total of 606 particle templates (mass 0.000262) inserted so far.
insertion: proc 0 at 0 %
INFO: Particle insertion ins: inserted 0 particle templates (mass 0.000000) at step 96001
 - a total of 606 particle templates (mass 0.000262) inserted so far.
WARNING: Particle insertion: Less insertions than requested (/home/kris/CFDEM/LIGGGHTS/src/fix_insert.cpp:814)
insertion: proc 0 at 0 %
INFO: Particle insertion ins: inserted 0 particle templates (mass 0.000000) at step 97001
 - a total of 606 particle templates (mass 0.000262) inserted so far.
WARNING: Particle insertion: Less insertions than requested (/home/kris/CFDEM/LIGGGHTS/src/fix_insert.cpp:814)
insertion: proc 0 at 0 %
INFO: Particle insertion ins: inserted 0 particle templates (mass 0.000000) at step 98001
 - a total of 606 particle templates (mass 0.000262) inserted so far.
WARNING: Particle insertion: Less insertions than requested (/home/kris/CFDEM/LIGGGHTS/src/fix_insert.cpp:814)
insertion: proc 0 at 0 %
INFO: Particle insertion ins: inserted 0 particle templates (mass 0.000000) at step 99001
 - a total of 606 particle templates (mass 0.000262) inserted so far.
WARNING: Particle insertion: Less insertions than requested (/home/kris/CFDEM/LIGGGHTS/src/fix_insert.cpp:814)
insertion: proc 0 at 0 %
INFO: Particle insertion ins: inserted 0 particle templates (mass 0.000000) at step 100001
 - a total of 606 particle templates (mass 0.000262) inserted so far.
WARNING: Particle insertion: Less insertions than requested (/home/kris/CFDEM/LIGGGHTS/src/fix_insert.cpp:814)
insertion: proc 0 at 0 %
insertion: proc 0 at 10 %
INFO: Particle insertion ins: inserted 1 particle templates (mass 0.000001) at step 101001
 - a total of 607 particle templates (mass 0.000263) inserted so far.
WARNING: Particle insertion: Less insertions than requested (/home/kris/CFDEM/LIGGGHTS/src/fix_insert.cpp:814)
insertion: proc 0 at 0 %
INFO: Particle insertion ins: inserted 0 particle templates (mass 0.000000) at step 102001
 - a total of 607 particle templates (mass 0.000263) inserted so far.
WARNING: Particle insertion: Less insertions than requested (/home/kris/CFDEM/LIGGGHTS/src/fix_insert.cpp:814)
insertion: proc 0 at 0 %
INFO: Particle insertion ins: inserted 0 particle templates (mass 0.000000) at step 103001
 - a total of 607 particle templates (mass 0.000263) inserted so far.
WARNING: Particle insertion: Less insertions than requested (/home/kris/CFDEM/LIGGGHTS/src/fix_insert.cpp:814)
insertion: proc 0 at 0 %
INFO: Particle insertion ins: inserted 0 particle templates (mass 0.000000) at step 104001
 - a total of 607 particle templates (mass 0.000263) inserted so far.
WARNING: Particle insertion: Less insertions than requested (/home/kris/CFDEM/LIGGGHTS/src/fix_insert.cpp:814)
insertion: proc 0 at 0 %
insertion: proc 0 at 10 %
insertion: proc 0 at 20 %
insertion: proc 0 at 30 %
insertion: proc 0 at 40 %
insertion: proc 0 at 50 %
insertion: proc 0 at 60 %
insertion: proc 0 at 70 %
insertion: proc 0 at 80 %
insertion: proc 0 at 90 %
INFO: Particle insertion ins: inserted 10 particle templates (mass 0.000004) at step 105001
 - a total of 617 particle templates (mass 0.000266) inserted so far.
insertion: proc 0 at 0 %
INFO: Particle insertion ins: inserted 0 particle templates (mass 0.000000) at step 106001
 - a total of 617 particle templates (mass 0.000266) inserted so far.
WARNING: Particle insertion: Less insertions than requested (/home/kris/CFDEM/LIGGGHTS/src/fix_insert.cpp:814)
insertion: proc 0 at 0 %
insertion: proc 0 at 10 %
insertion: proc 0 at 20 %
insertion: proc 0 at 30 %
insertion: proc 0 at 40 %
insertion: proc 0 at 50 %
insertion: proc 0 at 60 %
insertion: proc 0 at 70 %
insertion: proc 0 at 80 %
insertion: proc 0 at 90 %
INFO: Particle insertion ins: inserted 10 particle templates (mass 0.000004) at step 107001
 - a total of 627 particle templates (mass 0.000270) inserted so far.
insertion: proc 0 at 0 %
insertion: proc 0 at 10 %
insertion: proc 0 at 20 %
insertion: proc 0 at 30 %
insertion: proc 0 at 40 %
insertion: proc 0 at 50 %
insertion: proc 0 at 60 %
insertion: proc 0 at 70 %
insertion: proc 0 at 80 %
insertion: proc 0 at 90 %
INFO: Particle insertion ins: inserted 10 particle templates (mass 0.000003) at step 108001
 - a total of 637 particle templates (mass 0.000273) inserted so far.
insertion: proc 0 at 0 %
insertion: proc 0 at 10 %
INFO: Particle insertion ins: inserted 1 particle templates (mass 0.000001) at step 109001
 - a total of 638 particle templates (mass 0.000274) inserted so far.
WARNING: Particle insertion: Less insertions than requested (/home/kris/CFDEM/LIGGGHTS/src/fix_insert.cpp:814)
insertion: proc 0 at 0 %
INFO: Particle insertion ins: inserted 0 particle templates (mass 0.000000) at step 110001
 - a total of 638 particle templates (mass 0.000274) inserted so far.
WARNING: Particle insertion: Less insertions than requested (/home/kris/CFDEM/LIGGGHTS/src/fix_insert.cpp:814)
insertion: proc 0 at 0 %
INFO: Particle insertion ins: inserted 0 particle templates (mass 0.000000) at step 111001
 - a total of 638 particle templates (mass 0.000274) inserted so far.
WARNING: Particle insertion: Less insertions than requested (/home/kris/CFDEM/LIGGGHTS/src/fix_insert.cpp:814)
insertion: proc 0 at 0 %
insertion: proc 0 at 10 %
insertion: proc 0 at 20 %
insertion: proc 0 at 30 %
INFO: Particle insertion ins: inserted 3 particle templates (mass 0.000003) at step 112001
 - a total of 641 particle templates (mass 0.000277) inserted so far.
WARNING: Particle insertion: Less insertions than requested (/home/kris/CFDEM/LIGGGHTS/src/fix_insert.cpp:814)
insertion: proc 0 at 0 %
INFO: Particle insertion ins: inserted 0 particle templates (mass 0.000000) at step 113001
 - a total of 641 particle templates (mass 0.000277) inserted so far.
WARNING: Particle insertion: Less insertions than requested (/home/kris/CFDEM/LIGGGHTS/src/fix_insert.cpp:814)
insertion: proc 0 at 0 %
insertion: proc 0 at 10 %
insertion: proc 0 at 20 %
insertion: proc 0 at 30 %
insertion: proc 0 at 40 %
insertion: proc 0 at 50 %
insertion: proc 0 at 60 %
insertion: proc 0 at 70 %
insertion: proc 0 at 80 %
insertion: proc 0 at 90 %
INFO: Particle insertion ins: inserted 10 particle templates (mass 0.000005) at step 114001
 - a total of 651 particle templates (mass 0.000281) inserted so far.
insertion: proc 0 at 0 %
INFO: Particle insertion ins: inserted 0 particle templates (mass 0.000000) at step 115001
 - a total of 651 particle templates (mass 0.000281) inserted so far.
WARNING: Particle insertion: Less insertions than requested (/home/kris/CFDEM/LIGGGHTS/src/fix_insert.cpp:814)
insertion: proc 0 at 0 %
INFO: Particle insertion ins: inserted 0 particle templates (mass 0.000000) at step 116001
 - a total of 651 particle templates (mass 0.000281) inserted so far.
WARNING: Particle insertion: Less insertions than requested (/home/kris/CFDEM/LIGGGHTS/src/fix_insert.cpp:814)
insertion: proc 0 at 0 %
insertion: proc 0 at 10 %
insertion: proc 0 at 20 %
insertion: proc 0 at 30 %
insertion: proc 0 at 40 %
insertion: proc 0 at 50 %
insertion: proc 0 at 60 %
insertion: proc 0 at 70 %
insertion: proc 0 at 80 %
insertion: proc 0 at 90 %
INFO: Particle insertion ins: inserted 10 particle templates (mass 0.000004) at step 117001
 - a total of 661 particle templates (mass 0.000285) inserted so far.
insertion: proc 0 at 0 %
INFO: Particle insertion ins: inserted 0 particle templates (mass 0.000000) at step 118001
 - a total of 661 particle templates (mass 0.000285) inserted so far.
WARNING: Particle insertion: Less insertions than requested (/home/kris/CFDEM/LIGGGHTS/src/fix_insert.cpp:814)
insertion: proc 0 at 0 %
INFO: Particle insertion ins: inserted 0 particle templates (mass 0.000000) at step 119001
 - a total of 661 particle templates (mass 0.000285) inserted so far.
WARNING: Particle insertion: Less insertions than requested (/home/kris/CFDEM/LIGGGHTS/src/fix_insert.cpp:814)
insertion: proc 0 at 0 %
insertion: proc 0 at 10 %
insertion: proc 0 at 20 %
insertion: proc 0 at 30 %
insertion: proc 0 at 40 %
insertion: proc 0 at 50 %
insertion: proc 0 at 60 %
insertion: proc 0 at 70 %
insertion: proc 0 at 80 %
insertion: proc 0 at 90 %
INFO: Particle insertion ins: inserted 10 particle templates (mass 0.000003) at step 120001
 - a total of 671 particle templates (mass 0.000288) inserted so far.
insertion: proc 0 at 0 %
insertion: proc 0 at 10 %
insertion: proc 0 at 20 %
insertion: proc 0 at 30 %
insertion: proc 0 at 40 %
insertion: proc 0 at 50 %
insertion: proc 0 at 60 %
insertion: proc 0 at 70 %
insertion: proc 0 at 80 %
insertion: proc 0 at 90 %
INFO: Particle insertion ins: inserted 10 particle templates (mass 0.000003) at step 121001
 - a total of 681 particle templates (mass 0.000291) inserted so far.
insertion: proc 0 at 0 %
INFO: Particle insertion ins: inserted 0 particle templates (mass 0.000000) at step 122001
 - a total of 681 particle templates (mass 0.000291) inserted so far.
WARNING: Particle insertion: Less insertions than requested (/home/kris/CFDEM/LIGGGHTS/src/fix_insert.cpp:814)
insertion: proc 0 at 0 %
insertion: proc 0 at 10 %
INFO: Particle insertion ins: inserted 1 particle templates (mass 0.000001) at step 123001
 - a total of 682 particle templates (mass 0.000292) inserted so far.
WARNING: Particle insertion: Less insertions than requested (/home/kris/CFDEM/LIGGGHTS/src/fix_insert.cpp:814)
insertion: proc 0 at 0 %
insertion: proc 0 at 10 %
insertion: proc 0 at 20 %
insertion: proc 0 at 30 %
insertion: proc 0 at 40 %
insertion: proc 0 at 50 %
insertion: proc 0 at 60 %
insertion: proc 0 at 70 %
insertion: proc 0 at 80 %
insertion: proc 0 at 90 %
INFO: Particle insertion ins: inserted 10 particle templates (mass 0.000004) at step 124001
 - a total of 692 particle templates (mass 0.000296) inserted so far.
insertion: proc 0 at 0 %
INFO: Particle insertion ins: inserted 0 particle templates (mass 0.000000) at step 125001
 - a total of 692 particle templates (mass 0.000296) inserted so far.
WARNING: Particle insertion: Less insertions than requested (/home/kris/CFDEM/LIGGGHTS/src/fix_insert.cpp:814)
insertion: proc 0 at 0 %
INFO: Particle insertion ins: inserted 0 particle templates (mass 0.000000) at step 126001
 - a total of 692 particle templates (mass 0.000296) inserted so far.
WARNING: Particle insertion: Less insertions than requested (/home/kris/CFDEM/LIGGGHTS/src/fix_insert.cpp:814)
insertion: proc 0 at 0 %
insertion: proc 0 at 10 %
insertion: proc 0 at 20 %
insertion: proc 0 at 30 %
insertion: proc 0 at 40 %
insertion: proc 0 at 50 %
insertion: proc 0 at 60 %
insertion: proc 0 at 70 %
insertion: proc 0 at 80 %
INFO: Particle insertion ins: inserted 8 particle templates (mass 0.000003) at step 127001
 - a total of 700 particle templates (mass 0.000299) inserted so far.
WARNING: Particle insertion: Less insertions than requested (/home/kris/CFDEM/LIGGGHTS/src/fix_insert.cpp:814)
insertion: proc 0 at 0 %
INFO: Particle insertion ins: inserted 0 particle templates (mass 0.000000) at step 128001
 - a total of 700 particle templates (mass 0.000299) inserted so far.
WARNING: Particle insertion: Less insertions than requested (/home/kris/CFDEM/LIGGGHTS/src/fix_insert.cpp:814)
insertion: proc 0 at 0 %
insertion: proc 0 at 10 %
insertion: proc 0 at 20 %
insertion: proc 0 at 30 %
insertion: proc 0 at 40 %
insertion: proc 0 at 50 %
insertion: proc 0 at 60 %
insertion: proc 0 at 70 %
insertion: proc 0 at 80 %
insertion: proc 0 at 90 %
INFO: Particle insertion ins: inserted 10 particle templates (mass 0.000004) at step 129001
 - a total of 710 particle templates (mass 0.000303) inserted so far.
insertion: proc 0 at 0 %
insertion: proc 0 at 10 %
insertion: proc 0 at 20 %
insertion: proc 0 at 30 %
insertion: proc 0 at 40 %
insertion: proc 0 at 50 %
insertion: proc 0 at 60 %
insertion: proc 0 at 70 %
insertion: proc 0 at 80 %
insertion: proc 0 at 90 %
INFO: Particle insertion ins: inserted 10 particle templates (mass 0.000004) at step 130001
 - a total of 720 particle templates (mass 0.000307) inserted so far.
insertion: proc 0 at 0 %
insertion: proc 0 at 10 %
insertion: proc 0 at 20 %
insertion: proc 0 at 30 %
insertion: proc 0 at 40 %
insertion: proc 0 at 50 %
insertion: proc 0 at 60 %
insertion: proc 0 at 70 %
insertion: proc 0 at 80 %
insertion: proc 0 at 90 %
INFO: Particle insertion ins: inserted 10 particle templates (mass 0.000004) at step 131001
 - a total of 730 particle templates (mass 0.000310) inserted so far.
insertion: proc 0 at 0 %
INFO: Particle insertion ins: inserted 0 particle templates (mass 0.000000) at step 132001
 - a total of 730 particle templates (mass 0.000310) inserted so far.
WARNING: Particle insertion: Less insertions than requested (/home/kris/CFDEM/LIGGGHTS/src/fix_insert.cpp:814)
insertion: proc 0 at 0 %
INFO: Particle insertion ins: inserted 0 particle templates (mass 0.000000) at step 133001
 - a total of 730 particle templates (mass 0.000310) inserted so far.
WARNING: Particle insertion: Less insertions than requested (/home/kris/CFDEM/LIGGGHTS/src/fix_insert.cpp:814)
insertion: proc 0 at 0 %
insertion: proc 0 at 10 %
insertion: proc 0 at 20 %
INFO: Particle insertion ins: inserted 2 particle templates (mass 0.000002) at step 134001
 - a total of 732 particle templates (mass 0.000312) inserted so far.
WARNING: Particle insertion: Less insertions than requested (/home/kris/CFDEM/LIGGGHTS/src/fix_insert.cpp:814)
insertion: proc 0 at 0 %
INFO: Particle insertion ins: inserted 0 particle templates (mass 0.000000) at step 135001
 - a total of 732 particle templates (mass 0.000312) inserted so far.
WARNING: Particle insertion: Less insertions than requested (/home/kris/CFDEM/LIGGGHTS/src/fix_insert.cpp:814)
insertion: proc 0 at 0 %
insertion: proc 0 at 10 %
insertion: proc 0 at 20 %
INFO: Particle insertion ins: inserted 2 particle templates (mass 0.000002) at step 136001
 - a total of 734 particle templates (mass 0.000314) inserted so far.
WARNING: Particle insertion: Less insertions than requested (/home/kris/CFDEM/LIGGGHTS/src/fix_insert.cpp:814)
insertion: proc 0 at 0 %
INFO: Particle insertion ins: inserted 0 particle templates (mass 0.000000) at step 137001
 - a total of 734 particle templates (mass 0.000314) inserted so far.
WARNING: Particle insertion: Less insertions than requested (/home/kris/CFDEM/LIGGGHTS/src/fix_insert.cpp:814)
insertion: proc 0 at 0 %
insertion: proc 0 at 10 %
insertion: proc 0 at 20 %
insertion: proc 0 at 30 %
insertion: proc 0 at 40 %
insertion: proc 0 at 50 %
insertion: proc 0 at 60 %
insertion: proc 0 at 70 %
insertion: proc 0 at 80 %
insertion: proc 0 at 90 %
INFO: Particle insertion ins: inserted 10 particle templates (mass 0.000003) at step 138001
 - a total of 744 particle templates (mass 0.000318) inserted so far.
insertion: proc 0 at 0 %
INFO: Particle insertion ins: inserted 0 particle templates (mass 0.000000) at step 139001
 - a total of 744 particle templates (mass 0.000318) inserted so far.
WARNING: Particle insertion: Less insertions than requested (/home/kris/CFDEM/LIGGGHTS/src/fix_insert.cpp:814)
insertion: proc 0 at 0 %
INFO: Particle insertion ins: inserted 0 particle templates (mass 0.000000) at step 140001
 - a total of 744 particle templates (mass 0.000318) inserted so far.
WARNING: Particle insertion: Less insertions than requested (/home/kris/CFDEM/LIGGGHTS/src/fix_insert.cpp:814)
insertion: proc 0 at 0 %
insertion: proc 0 at 10 %
insertion: proc 0 at 20 %
insertion: proc 0 at 30 %
insertion: proc 0 at 40 %
insertion: proc 0 at 50 %
insertion: proc 0 at 60 %
insertion: proc 0 at 70 %
insertion: proc 0 at 80 %
insertion: proc 0 at 90 %
INFO: Particle insertion ins: inserted 10 particle templates (mass 0.000004) at step 141001
 - a total of 754 particle templates (mass 0.000322) inserted so far.
insertion: proc 0 at 0 %
insertion: proc 0 at 10 %
insertion: proc 0 at 20 %
insertion: proc 0 at 30 %
insertion: proc 0 at 40 %
insertion: proc 0 at 50 %
insertion: proc 0 at 60 %
insertion: proc 0 at 70 %
insertion: proc 0 at 80 %
insertion: proc 0 at 90 %
INFO: Particle insertion ins: inserted 10 particle templates (mass 0.000005) at step 142001
 - a total of 764 particle templates (mass 0.000326) inserted so far.
insertion: proc 0 at 0 %
insertion: proc 0 at 10 %
insertion: proc 0 at 20 %
insertion: proc 0 at 30 %
insertion: proc 0 at 40 %
insertion: proc 0 at 50 %
insertion: proc 0 at 60 %
insertion: proc 0 at 70 %
insertion: proc 0 at 80 %
insertion: proc 0 at 90 %
INFO: Particle insertion ins: inserted 10 particle templates (mass 0.000003) at step 143001
 - a total of 774 particle templates (mass 0.000329) inserted so far.
insertion: proc 0 at 0 %
insertion: proc 0 at 10 %
insertion: proc 0 at 20 %
insertion: proc 0 at 30 %
insertion: proc 0 at 40 %
insertion: proc 0 at 50 %
insertion: proc 0 at 60 %
insertion: proc 0 at 70 %
insertion: proc 0 at 80 %
insertion: proc 0 at 90 %
INFO: Particle insertion ins: inserted 10 particle templates (mass 0.000004) at step 144001
 - a total of 784 particle templates (mass 0.000333) inserted so far.
insertion: proc 0 at 0 %
INFO: Particle insertion ins: inserted 0 particle templates (mass 0.000000) at step 145001
 - a total of 784 particle templates (mass 0.000333) inserted so far.
WARNING: Particle insertion: Less insertions than requested (/home/kris/CFDEM/LIGGGHTS/src/fix_insert.cpp:814)
insertion: proc 0 at 0 %
insertion: proc 0 at 10 %
insertion: proc 0 at 20 %
insertion: proc 0 at 30 %
insertion: proc 0 at 40 %
insertion: proc 0 at 50 %
insertion: proc 0 at 60 %
insertion: proc 0 at 70 %
insertion: proc 0 at 80 %
insertion: proc 0 at 90 %
INFO: Particle insertion ins: inserted 10 particle templates (mass 0.000004) at step 146001
 - a total of 794 particle templates (mass 0.000338) inserted so far.
insertion: proc 0 at 0 %
insertion: proc 0 at 10 %
insertion: proc 0 at 20 %
insertion: proc 0 at 30 %
insertion: proc 0 at 40 %
insertion: proc 0 at 50 %
insertion: proc 0 at 60 %
insertion: proc 0 at 70 %
insertion: proc 0 at 80 %
insertion: proc 0 at 90 %
INFO: Particle insertion ins: inserted 10 particle templates (mass 0.000004) at step 147001
 - a total of 804 particle templates (mass 0.000342) inserted so far.
insertion: proc 0 at 0 %
INFO: Particle insertion ins: inserted 0 particle templates (mass 0.000000) at step 148001
 - a total of 804 particle templates (mass 0.000342) inserted so far.
WARNING: Particle insertion: Less insertions than requested (/home/kris/CFDEM/LIGGGHTS/src/fix_insert.cpp:814)
insertion: proc 0 at 0 %
insertion: proc 0 at 10 %
insertion: proc 0 at 20 %
insertion: proc 0 at 30 %
insertion: proc 0 at 40 %
insertion: proc 0 at 50 %
insertion: proc 0 at 60 %
insertion: proc 0 at 70 %
insertion: proc 0 at 80 %
insertion: proc 0 at 90 %
INFO: Particle insertion ins: inserted 10 particle templates (mass 0.000003) at step 149001
 - a total of 814 particle templates (mass 0.000345) inserted so far.
insertion: proc 0 at 0 %
INFO: Particle insertion ins: inserted 0 particle templates (mass 0.000000) at step 150001
 - a total of 814 particle templates (mass 0.000345) inserted so far.
WARNING: Particle insertion: Less insertions than requested (/home/kris/CFDEM/LIGGGHTS/src/fix_insert.cpp:814)
insertion: proc 0 at 0 %
insertion: proc 0 at 10 %
insertion: proc 0 at 20 %
INFO: Particle insertion ins: inserted 2 particle templates (mass 0.000002) at step 151001
 - a total of 816 particle templates (mass 0.000347) inserted so far.
WARNING: Particle insertion: Less insertions than requested (/home/kris/CFDEM/LIGGGHTS/src/fix_insert.cpp:814)
insertion: proc 0 at 0 %
INFO: Particle insertion ins: inserted 0 particle templates (mass 0.000000) at step 152001
 - a total of 816 particle templates (mass 0.000347) inserted so far.
WARNING: Particle insertion: Less insertions than requested (/home/kris/CFDEM/LIGGGHTS/src/fix_insert.cpp:814)
insertion: proc 0 at 0 %
INFO: Particle insertion ins: inserted 0 particle templates (mass 0.000000) at step 153001
 - a total of 816 particle templates (mass 0.000347) inserted so far.
WARNING: Particle insertion: Less insertions than requested (/home/kris/CFDEM/LIGGGHTS/src/fix_insert.cpp:814)
insertion: proc 0 at 0 %
insertion: proc 0 at 10 %
insertion: proc 0 at 20 %
insertion: proc 0 at 30 %
insertion: proc 0 at 40 %
insertion: proc 0 at 50 %
insertion: proc 0 at 60 %
insertion: proc 0 at 70 %
insertion: proc 0 at 80 %
insertion: proc 0 at 90 %
INFO: Particle insertion ins: inserted 10 particle templates (mass 0.000003) at step 154001
 - a total of 826 particle templates (mass 0.000350) inserted so far.
insertion: proc 0 at 0 %
insertion: proc 0 at 10 %
insertion: proc 0 at 20 %
insertion: proc 0 at 30 %
insertion: proc 0 at 40 %
insertion: proc 0 at 50 %
insertion: proc 0 at 60 %
insertion: proc 0 at 70 %
insertion: proc 0 at 80 %
insertion: proc 0 at 90 %
INFO: Particle insertion ins: inserted 10 particle templates (mass 0.000003) at step 155001
 - a total of 836 particle templates (mass 0.000353) inserted so far.
insertion: proc 0 at 0 %
insertion: proc 0 at 10 %
INFO: Particle insertion ins: inserted 1 particle templates (mass 0.000001) at step 156001
 - a total of 837 particle templates (mass 0.000354) inserted so far.
WARNING: Particle insertion: Less insertions than requested (/home/kris/CFDEM/LIGGGHTS/src/fix_insert.cpp:814)
insertion: proc 0 at 0 %
insertion: proc 0 at 10 %
insertion: proc 0 at 20 %
insertion: proc 0 at 30 %
insertion: proc 0 at 40 %
insertion: proc 0 at 50 %
insertion: proc 0 at 60 %
insertion: proc 0 at 70 %
insertion: proc 0 at 80 %
insertion: proc 0 at 90 %
INFO: Particle insertion ins: inserted 10 particle templates (mass 0.000004) at step 157001
 - a total of 847 particle templates (mass 0.000358) inserted so far.
insertion: proc 0 at 0 %
INFO: Particle insertion ins: inserted 0 particle templates (mass 0.000000) at step 158001
 - a total of 847 particle templates (mass 0.000358) inserted so far.
WARNING: Particle insertion: Less insertions than requested (/home/kris/CFDEM/LIGGGHTS/src/fix_insert.cpp:814)
insertion: proc 0 at 0 %
INFO: Particle insertion ins: inserted 0 particle templates (mass 0.000000) at step 159001
 - a total of 847 particle templates (mass 0.000358) inserted so far.
WARNING: Particle insertion: Less insertions than requested (/home/kris/CFDEM/LIGGGHTS/src/fix_insert.cpp:814)
insertion: proc 0 at 0 %
INFO: Particle insertion ins: inserted 0 particle templates (mass 0.000000) at step 160001
 - a total of 847 particle templates (mass 0.000358) inserted so far.
WARNING: Particle insertion: Less insertions than requested (/home/kris/CFDEM/LIGGGHTS/src/fix_insert.cpp:814)
insertion: proc 0 at 0 %
insertion: proc 0 at 10 %
INFO: Particle insertion ins: inserted 1 particle templates (mass 0.000001) at step 161001
 - a total of 848 particle templates (mass 0.000359) inserted so far.
WARNING: Particle insertion: Less insertions than requested (/home/kris/CFDEM/LIGGGHTS/src/fix_insert.cpp:814)
insertion: proc 0 at 0 %
insertion: proc 0 at 10 %
insertion: proc 0 at 20 %
insertion: proc 0 at 30 %
insertion: proc 0 at 40 %
insertion: proc 0 at 50 %
insertion: proc 0 at 60 %
insertion: proc 0 at 70 %
insertion: proc 0 at 80 %
insertion: proc 0 at 90 %
INFO: Particle insertion ins: inserted 10 particle templates (mass 0.000003) at step 162001
 - a total of 858 particle templates (mass 0.000362) inserted so far.
insertion: proc 0 at 0 %
INFO: Particle insertion ins: inserted 0 particle templates (mass 0.000000) at step 163001
 - a total of 858 particle templates (mass 0.000362) inserted so far.
WARNING: Particle insertion: Less insertions than requested (/home/kris/CFDEM/LIGGGHTS/src/fix_insert.cpp:814)
insertion: proc 0 at 0 %
INFO: Particle insertion ins: inserted 0 particle templates (mass 0.000000) at step 164001
 - a total of 858 particle templates (mass 0.000362) inserted so far.
WARNING: Particle insertion: Less insertions than requested (/home/kris/CFDEM/LIGGGHTS/src/fix_insert.cpp:814)
insertion: proc 0 at 0 %
insertion: proc 0 at 10 %
insertion: proc 0 at 20 %
insertion: proc 0 at 30 %
insertion: proc 0 at 40 %
insertion: proc 0 at 50 %
insertion: proc 0 at 60 %
insertion: proc 0 at 70 %
insertion: proc 0 at 80 %
insertion: proc 0 at 90 %
INFO: Particle insertion ins: inserted 10 particle templates (mass 0.000005) at step 165001
 - a total of 868 particle templates (mass 0.000367) inserted so far.
insertion: proc 0 at 0 %
INFO: Particle insertion ins: inserted 0 particle templates (mass 0.000000) at step 166001
 - a total of 868 particle templates (mass 0.000367) inserted so far.
WARNING: Particle insertion: Less insertions than requested (/home/kris/CFDEM/LIGGGHTS/src/fix_insert.cpp:814)
insertion: proc 0 at 0 %
INFO: Particle insertion ins: inserted 0 particle templates (mass 0.000000) at step 167001
 - a total of 868 particle templates (mass 0.000367) inserted so far.
WARNING: Particle insertion: Less insertions than requested (/home/kris/CFDEM/LIGGGHTS/src/fix_insert.cpp:814)
insertion: proc 0 at 0 %
insertion: proc 0 at 10 %
insertion: proc 0 at 20 %
insertion: proc 0 at 30 %
insertion: proc 0 at 40 %
insertion: proc 0 at 50 %
insertion: proc 0 at 60 %
insertion: proc 0 at 70 %
insertion: proc 0 at 80 %
insertion: proc 0 at 90 %
INFO: Particle insertion ins: inserted 10 particle templates (mass 0.000004) at step 168001
 - a total of 878 particle templates (mass 0.000371) inserted so far.
insertion: proc 0 at 0 %
insertion: proc 0 at 10 %
INFO: Particle insertion ins: inserted 1 particle templates (mass 0.000001) at step 169001
 - a total of 879 particle templates (mass 0.000372) inserted so far.
WARNING: Particle insertion: Less insertions than requested (/home/kris/CFDEM/LIGGGHTS/src/fix_insert.cpp:814)
insertion: proc 0 at 0 %
INFO: Particle insertion ins: inserted 0 particle templates (mass 0.000000) at step 170001
 - a total of 879 particle templates (mass 0.000372) inserted so far.
WARNING: Particle insertion: Less insertions than requested (/home/kris/CFDEM/LIGGGHTS/src/fix_insert.cpp:814)
insertion: proc 0 at 0 %
INFO: Particle insertion ins: inserted 0 particle templates (mass 0.000000) at step 171001
 - a total of 879 particle templates (mass 0.000372) inserted so far.
WARNING: Particle insertion: Less insertions than requested (/home/kris/CFDEM/LIGGGHTS/src/fix_insert.cpp:814)
insertion: proc 0 at 0 %
INFO: Particle insertion ins: inserted 0 particle templates (mass 0.000000) at step 172001
 - a total of 879 particle templates (mass 0.000372) inserted so far.
WARNING: Particle insertion: Less insertions than requested (/home/kris/CFDEM/LIGGGHTS/src/fix_insert.cpp:814)
insertion: proc 0 at 0 %
INFO: Particle insertion ins: inserted 0 particle templates (mass 0.000000) at step 173001
 - a total of 879 particle templates (mass 0.000372) inserted so far.
WARNING: Particle insertion: Less insertions than requested (/home/kris/CFDEM/LIGGGHTS/src/fix_insert.cpp:814)
insertion: proc 0 at 0 %
insertion: proc 0 at 10 %
INFO: Particle insertion ins: inserted 1 particle templates (mass 0.000001) at step 174001
 - a total of 880 particle templates (mass 0.000373) inserted so far.
WARNING: Particle insertion: Less insertions than requested (/home/kris/CFDEM/LIGGGHTS/src/fix_insert.cpp:814)
insertion: proc 0 at 0 %
insertion: proc 0 at 10 %
insertion: proc 0 at 20 %
insertion: proc 0 at 30 %
insertion: proc 0 at 40 %
insertion: proc 0 at 50 %
insertion: proc 0 at 60 %
insertion: proc 0 at 70 %
insertion: proc 0 at 80 %
insertion: proc 0 at 90 %
INFO: Particle insertion ins: inserted 10 particle templates (mass 0.000004) at step 175001
 - a total of 890 particle templates (mass 0.000378) inserted so far.
insertion: proc 0 at 0 %
insertion: proc 0 at 10 %
insertion: proc 0 at 20 %
insertion: proc 0 at 30 %
insertion: proc 0 at 40 %
insertion: proc 0 at 50 %
insertion: proc 0 at 60 %
insertion: proc 0 at 70 %
insertion: proc 0 at 80 %
insertion: proc 0 at 90 %
INFO: Particle insertion ins: inserted 10 particle templates (mass 0.000004) at step 176001
 - a total of 900 particle templates (mass 0.000381) inserted so far.
insertion: proc 0 at 0 %
INFO: Particle insertion ins: inserted 0 particle templates (mass 0.000000) at step 177001
 - a total of 900 particle templates (mass 0.000381) inserted so far.
WARNING: Particle insertion: Less insertions than requested (/home/kris/CFDEM/LIGGGHTS/src/fix_insert.cpp:814)
insertion: proc 0 at 0 %
insertion: proc 0 at 10 %
insertion: proc 0 at 20 %
insertion: proc 0 at 30 %
insertion: proc 0 at 40 %
insertion: proc 0 at 50 %
insertion: proc 0 at 60 %
insertion: proc 0 at 70 %
insertion: proc 0 at 80 %
insertion: proc 0 at 90 %
INFO: Particle insertion ins: inserted 10 particle templates (mass 0.000004) at step 178001
 - a total of 910 particle templates (mass 0.000385) inserted so far.
insertion: proc 0 at 0 %
insertion: proc 0 at 10 %
insertion: proc 0 at 20 %
insertion: proc 0 at 30 %
insertion: proc 0 at 40 %
insertion: proc 0 at 50 %
insertion: proc 0 at 60 %
insertion: proc 0 at 70 %
insertion: proc 0 at 80 %
insertion: proc 0 at 90 %
INFO: Particle insertion ins: inserted 10 particle templates (mass 0.000004) at step 179001
 - a total of 920 particle templates (mass 0.000389) inserted so far.
insertion: proc 0 at 0 %
insertion: proc 0 at 10 %
INFO: Particle insertion ins: inserted 1 particle templates (mass 0.000001) at step 180001
 - a total of 921 particle templates (mass 0.000390) inserted so far.
WARNING: Particle insertion: Less insertions than requested (/home/kris/CFDEM/LIGGGHTS/src/fix_insert.cpp:814)
insertion: proc 0 at 0 %
insertion: proc 0 at 10 %
INFO: Particle insertion ins: inserted 1 particle templates (mass 0.000001) at step 181001
 - a total of 922 particle templates (mass 0.000392) inserted so far.
WARNING: Particle insertion: Less insertions than requested (/home/kris/CFDEM/LIGGGHTS/src/fix_insert.cpp:814)
insertion: proc 0 at 0 %
insertion: proc 0 at 10 %
INFO: Particle insertion ins: inserted 1 particle templates (mass 0.000001) at step 182001
 - a total of 923 particle templates (mass 0.000392) inserted so far.
WARNING: Particle insertion: Less insertions than requested (/home/kris/CFDEM/LIGGGHTS/src/fix_insert.cpp:814)
insertion: proc 0 at 0 %
insertion: proc 0 at 10 %
INFO: Particle insertion ins: inserted 1 particle templates (mass 0.000001) at step 183001
 - a total of 924 particle templates (mass 0.000394) inserted so far.
WARNING: Particle insertion: Less insertions than requested (/home/kris/CFDEM/LIGGGHTS/src/fix_insert.cpp:814)
insertion: proc 0 at 0 %
INFO: Particle insertion ins: inserted 0 particle templates (mass 0.000000) at step 184001
 - a total of 924 particle templates (mass 0.000394) inserted so far.
WARNING: Particle insertion: Less insertions than requested (/home/kris/CFDEM/LIGGGHTS/src/fix_insert.cpp:814)
insertion: proc 0 at 0 %
INFO: Particle insertion ins: inserted 0 particle templates (mass 0.000000) at step 185001
 - a total of 924 particle templates (mass 0.000394) inserted so far.
WARNING: Particle insertion: Less insertions than requested (/home/kris/CFDEM/LIGGGHTS/src/fix_insert.cpp:814)
insertion: proc 0 at 0 %
INFO: Particle insertion ins: inserted 0 particle templates (mass 0.000000) at step 186001
 - a total of 924 particle templates (mass 0.000394) inserted so far.
WARNING: Particle insertion: Less insertions than requested (/home/kris/CFDEM/LIGGGHTS/src/fix_insert.cpp:814)
insertion: proc 0 at 0 %
insertion: proc 0 at 10 %
insertion: proc 0 at 20 %
insertion: proc 0 at 30 %
insertion: proc 0 at 40 %
insertion: proc 0 at 50 %
insertion: proc 0 at 60 %
insertion: proc 0 at 70 %
insertion: proc 0 at 80 %
insertion: proc 0 at 90 %
INFO: Particle insertion ins: inserted 10 particle templates (mass 0.000003) at step 187001
 - a total of 934 particle templates (mass 0.000397) inserted so far.
insertion: proc 0 at 0 %
insertion: proc 0 at 10 %
INFO: Particle insertion ins: inserted 1 particle templates (mass 0.000001) at step 188001
 - a total of 935 particle templates (mass 0.000398) inserted so far.
WARNING: Particle insertion: Less insertions than requested (/home/kris/CFDEM/LIGGGHTS/src/fix_insert.cpp:814)
insertion: proc 0 at 0 %
insertion: proc 0 at 10 %
INFO: Particle insertion ins: inserted 1 particle templates (mass 0.000001) at step 189001
 - a total of 936 particle templates (mass 0.000400) inserted so far.
WARNING: Particle insertion: Less insertions than requested (/home/kris/CFDEM/LIGGGHTS/src/fix_insert.cpp:814)
insertion: proc 0 at 0 %
INFO: Particle insertion ins: inserted 0 particle templates (mass 0.000000) at step 190001
 - a total of 936 particle templates (mass 0.000400) inserted so far.
WARNING: Particle insertion: Less insertions than requested (/home/kris/CFDEM/LIGGGHTS/src/fix_insert.cpp:814)
insertion: proc 0 at 0 %
insertion: proc 0 at 10 %
insertion: proc 0 at 20 %
insertion: proc 0 at 30 %
insertion: proc 0 at 40 %
insertion: proc 0 at 50 %
insertion: proc 0 at 60 %
insertion: proc 0 at 70 %
insertion: proc 0 at 80 %
insertion: proc 0 at 90 %
INFO: Particle insertion ins: inserted 10 particle templates (mass 0.000004) at step 191001
 - a total of 946 particle templates (mass 0.000403) inserted so far.
insertion: proc 0 at 0 %
insertion: proc 0 at 10 %
insertion: proc 0 at 20 %
insertion: proc 0 at 30 %
insertion: proc 0 at 40 %
insertion: proc 0 at 50 %
insertion: proc 0 at 60 %
insertion: proc 0 at 70 %
insertion: proc 0 at 80 %
insertion: proc 0 at 90 %
INFO: Particle insertion ins: inserted 10 particle templates (mass 0.000003) at step 192001
 - a total of 956 particle templates (mass 0.000406) inserted so far.
insertion: proc 0 at 0 %
insertion: proc 0 at 10 %
insertion: proc 0 at 20 %
INFO: Particle insertion ins: inserted 2 particle templates (mass 0.000002) at step 193001
 - a total of 958 particle templates (mass 0.000409) inserted so far.
WARNING: Particle insertion: Less insertions than requested (/home/kris/CFDEM/LIGGGHTS/src/fix_insert.cpp:814)
insertion: proc 0 at 0 %
insertion: proc 0 at 10 %
insertion: proc 0 at 20 %
insertion: proc 0 at 30 %
insertion: proc 0 at 40 %
insertion: proc 0 at 50 %
insertion: proc 0 at 60 %
insertion: proc 0 at 70 %
insertion: proc 0 at 80 %
insertion: proc 0 at 90 %
INFO: Particle insertion ins: inserted 10 particle templates (mass 0.000004) at step 194001
 - a total of 968 particle templates (mass 0.000412) inserted so far.
insertion: proc 0 at 0 %
insertion: proc 0 at 10 %
insertion: proc 0 at 20 %
insertion: proc 0 at 30 %
INFO: Particle insertion ins: inserted 3 particle templates (mass 0.000002) at step 195001
 - a total of 971 particle templates (mass 0.000415) inserted so far.
WARNING: Particle insertion: Less insertions than requested (/home/kris/CFDEM/LIGGGHTS/src/fix_insert.cpp:814)
insertion: proc 0 at 0 %
INFO: Particle insertion ins: inserted 0 particle templates (mass 0.000000) at step 196001
 - a total of 971 particle templates (mass 0.000415) inserted so far.
WARNING: Particle insertion: Less insertions than requested (/home/kris/CFDEM/LIGGGHTS/src/fix_insert.cpp:814)
insertion: proc 0 at 0 %
INFO: Particle insertion ins: inserted 0 particle templates (mass 0.000000) at step 197001
 - a total of 971 particle templates (mass 0.000415) inserted so far.
WARNING: Particle insertion: Less insertions than requested (/home/kris/CFDEM/LIGGGHTS/src/fix_insert.cpp:814)
insertion: proc 0 at 0 %
insertion: proc 0 at 10 %
insertion: proc 0 at 20 %
insertion: proc 0 at 30 %
insertion: proc 0 at 40 %
insertion: proc 0 at 50 %
insertion: proc 0 at 60 %
insertion: proc 0 at 70 %
insertion: proc 0 at 80 %
insertion: proc 0 at 90 %
INFO: Particle insertion ins: inserted 10 particle templates (mass 0.000004) at step 198001
 - a total of 981 particle templates (mass 0.000419) inserted so far.
insertion: proc 0 at 0 %
insertion: proc 0 at 10 %
insertion: proc 0 at 20 %
INFO: Particle insertion ins: inserted 2 particle templates (mass 0.000002) at step 199001
 - a total of 983 particle templates (mass 0.000421) inserted so far.
WARNING: Particle insertion: Less insertions than requested (/home/kris/CFDEM/LIGGGHTS/src/fix_insert.cpp:814)
insertion: proc 0 at 0 %
INFO: Particle insertion ins: inserted 0 particle templates (mass 0.000000) at step 200001
 - a total of 983 particle templates (mass 0.000421) inserted so far.
WARNING: Particle insertion: Less insertions than requested (/home/kris/CFDEM/LIGGGHTS/src/fix_insert.cpp:814)
insertion: proc 0 at 0 %
insertion: proc 0 at 10 %
insertion: proc 0 at 20 %
insertion: proc 0 at 30 %
insertion: proc 0 at 40 %
insertion: proc 0 at 50 %
insertion: proc 0 at 60 %
insertion: proc 0 at 70 %
insertion: proc 0 at 80 %
insertion: proc 0 at 90 %
INFO: Particle insertion ins: inserted 10 particle templates (mass 0.000003) at step 201001
 - a total of 993 particle templates (mass 0.000424) inserted so far.
INFO: Particle insertion ins: inserted 7 particle templates (mass 0.000002) at step 202001
 - a total of 1000 particle templates (mass 0.000426) inserted so far.
  500000 5.5297159e+08            0            0 1.0306716e-06    21.572127 0.00018010804 
Loop time of 222.065 on 1 procs for 499999 steps with 1000 atoms
Max time of 222.065 on 1 procs for 499999 steps with 1000 atoms

Pair  time (%) = 174.949 (78.7828)
Max Pair time (ib) = 174.949 (0)
Neigh time (%) = 0.159265 (0.07172)
Max Neigh time (ib) = 0.159265 (0)
Comm  time (%) = 0.02791 (0.0125684)
Max Comm time (ib) = 0.02791 (0)
Outpt time (%) = 4.5304e-05 (2.04012e-05)
Max Outpt time (ib) = 4.5304e-05 (0)
Other time (%) = 46.9288 (21.1329)
Max Other time (ib) = 46.9288 (0)

Nlocal:    1000 ave 1000 max 1000 min
Histogram: 1 0 0 0 0 0 0 0 0 0
Nghost:    0 ave 0 max 0 min
Histogram: 1 0 0 0 0 0 0 0 0 0
Neighs:    32468 ave 32468 max 32468 min
Histogram: 1 0 0 0 0 0 0 0 0 0

Total # of neighbors = 32468
Ave neighs/atom = 32.468
Neighbor list builds = 210
Dangerous builds = 0
Setting up run ...
Memory usage per processor = 12.5184 Mbytes
Step Atoms 2 
  500000     1000        2.189 
Loop time of 4e-07 on 1 procs for 0 steps with 1000 atoms
Max time of 4e-07 on 1 procs for 0 steps with 1000 atoms

Pair  time (%) = 0 (0)
Max Pair time (ib) = 0 (0)
Neigh time (%) = 0 (0)
Max Neigh time (ib) = 0 (0)
Comm  time (%) = 0 (0)
Max Comm time (ib) = 0 (0)
Outpt time (%) = 0 (0)
Max Outpt time (ib) = 0 (0)
Other time (%) = 4e-07 (100)
Max Other time (ib) = 4e-07 (0)

Nlocal:    1000 ave 1000 max 1000 min
Histogram: 1 0 0 0 0 0 0 0 0 0
Nghost:    0 ave 0 max 0 min
Histogram: 1 0 0 0 0 0 0 0 0 0
Neighs:    32563 ave 32563 max 32563 min
Histogram: 1 0 0 0 0 0 0 0 0 0

Total # of neighbors = 32563
Ave neighs/atom = 32.563
Neighbor list builds = 0
Dangerous builds = 0
776 atoms in group layer
Deleted 776 atoms, new total = 224
Setting up run ...
Memory usage per processor = 12.5887 Mbytes
Step Atoms 2 
  500000      224      0.48225 
  750000      224      0.48225 
Loop time of 25.8652 on 1 procs for 250000 steps with 224 atoms
Max time of 25.8652 on 1 procs for 250000 steps with 224 atoms

Pair  time (%) = 12.6223 (48.8004)
Max Pair time (ib) = 12.6223 (0)
Neigh time (%) = 0 (0)
Max Neigh time (ib) = 0 (0)
Comm  time (%) = 0.00909391 (0.0351589)
Max Comm time (ib) = 0.00909391 (0)
Outpt time (%) = 0.000493583 (0.00190829)
Max Outpt time (ib) = 0.000493583 (0)
Other time (%) = 13.2333 (51.1626)
Max Other time (ib) = 13.2333 (0)

Nlocal:    224 ave 224 max 224 min
Histogram: 1 0 0 0 0 0 0 0 0 0
Nghost:    0 ave 0 max 0 min
Histogram: 1 0 0 0 0 0 0 0 0 0
Neighs:    2541 ave 2541 max 2541 min
Histogram: 1 0 0 0 0 0 0 0 0 0

Total # of neighbors = 2541
Ave neighs/atom = 11.3438
Neighbor list builds = 0
Dangerous builds = 0
